
velar@sofiav22 MINGW64 ~
$ git clone https://github.com/asalber/libro-git.git
fatal: destination path 'libro-git' already exists and is not an empty directory.

velar@sofiav22 MINGW64 ~
$ cd libro-git

velar@sofiav22 MINGW64 ~/libro-git (master)
$ echo "Git es un sistema de control de versiones ideados por Linus Torvalds" >> capitulo1.txt

velar@sofiav22 MINGW64 ~/libro-git (master)
$ git add
Nothing specified, nothing added.
hint: Maybe you wanted to say 'git add .'?
hint: Turn this message off by running
hint: "git config advice.addEmptyPathspec false"

velar@sofiav22 MINGW64 ~/libro-git (master)
$ git add capitulo.txt
fatal: pathspec 'capitulo.txt' did not match any files

velar@sofiav22 MINGW64 ~/libro-git (master)
$ git add capitulo1.txt
warning: in the working copy of 'capitulo1.txt', LF will be replaced by CRLF the next time Git touches it

velar@sofiav22 MINGW64 ~/libro-git (master)
$ git commit -m "Àñadido capitulo 1]"
[master 99856e3] Àñadido capitulo 1]
 1 file changed, 1 insertion(+)
 create mode 100644 capitulo1.txt

velar@sofiav22 MINGW64 ~/libro-git (master)
$ git log
commit 99856e370105ffb999bf0992bbf1f15ff4375adf (HEAD -> master)
Author: [Sofía Velardiez] <[velardiezsofia@gmail.com]>
Date:   Wed Jan 10 18:43:51 2024 +0100

    Àñadido capitulo 1]

commit 8c808102b96843781205b3169444a002878f5b21
Author: Alfredo Sánchez Alberca <asalber@gmail.com>
Date:   Wed Feb 13 18:05:27 2019 +0100

    Añadido capítulo 3 sobre gestión de ramas al índice.

commit bd7f788903cf1b1adbde028d474068cebb6ac870
Author: Alfredo Sánchez Alberca <asalber@gmail.com>
Date:   Wed Feb 13 17:58:58 2019 +0100

    Añadido índice del libro.

velar@sofiav22 MINGW64 ~/libro-git (master)
$ cd capitulos

velar@sofiav22 MINGW64 ~/libro-git/capitulos (master)
$ echo capitulo2.txt
capitulo2.txt

velar@sofiav22 MINGW64 ~/libro-git/capitulos (master)
$ echo "El flujo de trabajo basico con Git consiste en: 1-Hacer cambios en el repositorio. 2-Añadir los cambios a la zona de intercambio temporal. 3-Hacer un commit de los cambios" >> capitulo2.txt

velar@sofiav22 MINGW64 ~/libro-git/capitulos (master)
$ git add
Nothing specified, nothing added.
hint: Maybe you wanted to say 'git add .'?
hint: Turn this message off by running
hint: "git config advice.addEmptyPathspec false"

velar@sofiav22 MINGW64 ~/libro-git/capitulos (master)
$ git add capitulo2.txt
warning: in the working copy of 'capitulos/capitulo2.txt', LF will be replaced by CRLF the next time Git touches it

velar@sofiav22 MINGW64 ~/libro-git/capitulos (master)
$ git commit -m "[Añadido capitulo 2]"
[master 36f609e] [Añadido capitulo 2]
 1 file changed, 1 insertion(+)
 create mode 100644 capitulos/capitulo2.txt

velar@sofiav22 MINGW64 ~/libro-git/capitulos (master)
$ git diff branchB...branchA
fatal: ambiguous argument 'branchB...branchA': unknown revision or path not in the working tree.
Use '--' to separate paths from revisions, like this:
'git <command> [<revision>...] -- [<file>...]'

velar@sofiav22 MINGW64 ~/libro-git/capitulos (master)
$ git diff capitulo1.txt...capitulo2.txt
fatal: ambiguous argument 'capitulo1.txt...capitulo2.txt': unknown revision or path not in the working tree.
Use '--' to separate paths from revisions, like this:
'git <command> [<revision>...] -- [<file>...]'

velar@sofiav22 MINGW64 ~/libro-git/capitulos (master)
$ echo capitulo3.txt
capitulo3.txt

velar@sofiav22 MINGW64 ~/libro-git/capitulos (master)
$ echo "Git permite la creacion de ramas lo que permite tener distintas versiones del mismo proyecto y trabajar de manera simultanea en ellas" >> capitulo3.txt

velar@sofiav22 MINGW64 ~/libro-git/capitulos (master)
$ git add capitulo3.txt
warning: in the working copy of 'capitulos/capitulo3.txt', LF will be replaced by CRLF the next time Git touches it

velar@sofiav22 MINGW64 ~/libro-git/capitulos (master)
$ echo "Añadido capitulo 3" >> capitulo3.txt                                                           
velar@sofiav22 MINGW64 ~/libro-git/capitulos (master)
$ cd fichero.txt
bash: cd: fichero.txt: No such file or directory

velar@sofiav22 MINGW64 ~/libro-git/capitulos (master)
$ echo "Capitulo 5: Conceptos avanzados" >> fichero.txt

velar@sofiav22 MINGW64 ~/libro-git/capitulos (master)
$ git add fichero.txt
warning: in the working copy of 'capitulos/fichero.txt', LF will be replaced by CRLF the next time Git touches it

velar@sofiav22 MINGW64 ~/libro-git/capitulos (master)
$ git commit -m "[Añadido capitulo 5 al índice]"
[master f1371c7] [Añadido capitulo 5 al índice]
 2 files changed, 2 insertions(+)
 create mode 100644 capitulos/capitulo3.txt
 create mode 100644 capitulos/fichero.txt

velar@sofiav22 MINGW64 ~/libro-git/capitulos (master)
$ git stash list
